


ARM Macro Assembler    Page 1 


    1 00000000         ;/******************************************************
                       ***********************/
    2 00000000         ; OSasm.s: low-level OS commands, written in assembly   
                                           */
    3 00000000         ;
    4 00000000         
    5 00000000         
    6 00000000                 AREA             |.text|, CODE, READONLY, ALIGN=
2
    7 00000000                 THUMB
    8 00000000                 REQUIRE8
    9 00000000                 PRESERVE8
   10 00000000                 EXTERN           Pt_Task     ; currently running
                                                             pointer to thread
   11 00000000                 EXPORT           __start_os__
   12 00000000                 EXPORT           __Sys_Handler__
   13 00000000                 IMPORT           SchedulerTask
   14 00000000         
   15 00000000         
   16 00000000         __Sys_Handler__                      ; 1) Saves R0-R3,R1
                                                            2,LR,PC,PSR
   17 00000000 B672            CPSID            I           ; 2) Prevent interr
                                                            upt during switch
   18 00000002 E92D 0FF0       PUSH             {R4-R11}    ; 3) Save remaining
                                                             regs r4-r11
   19 00000006 480F            LDR              R0,=Pt_Task ; 4) R0 = pointer t
                                                            o Pt_Task, old thre
                                                            ad 
   20 00000008 6801            LDR              R1, [R0]    ; 5) R1 = RunPt
   21 0000000A F8C1 D000       STR              SP, [R1]    ; 6) SP = RunPt, Sa
                                                            ve SP into TCB
   22 0000000E B501            PUSH             {R0, LR}    ; save R0, LR befor
                                                            e branch
   23 00000010 F7FF FFFE       BL               SchedulerTask ; 7) Run the subr
                                                            outine Scheduler
   24 00000014 E8BD 4001       POP              {R0, LR}    ; restore R0, LR
   25 00000018 6801            LDR              R1, [R0]    ; 8) R1= RunPt, new
                                                             thread
   26 0000001A F8D1 D000       LDR              SP, [R1]    ; 10) new thread SP
                                                            ; SP = Pt_Task->sp
   27 0000001E E8BD 0FF0       POP              {R4-R11}    ; 11) restore r4-r1
                                                            1
   28 00000022 B662            CPSIE            I           ; 12) tasks run wit
                                                            h interrupts enable
                                                            d
   29 00000024 4770            BX               LR          ; 13) restore R0-R3
                                                            ,R12,LR,PC,PSR
   30 00000026         
   31 00000026         __start_os__
   32 00000026 4807            LDR              R0,=Pt_Task ; currently running
                                                             thread
   33 00000028 6802            LDR              R2, [R0]    ; R2 = value of Run
                                                            Pt
   34 0000002A F8D2 D000       LDR              SP, [R2]    ; new thread SP; SP
                                                             = Pt_Task->stack p
                                                            ointer
   35 0000002E E8BD 0FF0       POP              {R4-R11}    ; restore regs r4-1
                                                            1
   36 00000032 BC0F            POP              {R0-R3}     ; restore regs r0-3



ARM Macro Assembler    Page 2 


                                                            
   37 00000034 F85D CB04       POP              {R12}       ; restore r12
   38 00000038 B001            ADD              SP,SP,#4    ; discard LR from i
                                                            nitial stack. SP = 
                                                            PC
   39 0000003A F85D EB04       POP              {LR}        ; start location
   40 0000003E B001            ADD              SP,SP,#4    ; discard PSR
   41 00000040 B662            CPSIE            I           ; Enable interrupts
                                                             at processor level
                                                            
   42 00000042 4770            BX               LR          ; start first threa
                                                            d
   43 00000044         
   44 00000044                 ALIGN
   45 00000044                 END
              00000000 
Command Line: --debug --xref --diag_suppress=9931 --cpu=Cortex-M4.fp --apcs=int
erwork --depend=.\objects\osasm.d -o.\objects\osasm.o -I.\RTE\_RTOS -IC:\Keil_v
5\ARM\PACK\ARM\CMSIS\5.5.1\CMSIS\Core\Include -IC:\Keil_v5\ARM\PACK\Keil\TM4C_D
FP\1.1.0\Device\Include\TM4C123 --predefine="__EVAL SETA 1" --predefine="__UVIS
ION_VERSION SETA 528" --predefine="_RTE_ SETA 1" --predefine="TM4C123GH6PM SETA
 1" --list=.\listings\osasm.lst ..\RTOS\kernel\osasm.s



ARM Macro Assembler    Page 1 Alphabetic symbol ordering
Relocatable symbols

.text 00000000

Symbol: .text
   Definitions
      At line 6 in file ..\RTOS\kernel\osasm.s
   Uses
      None
Comment: .text unused
__Sys_Handler__ 00000000

Symbol: __Sys_Handler__
   Definitions
      At line 16 in file ..\RTOS\kernel\osasm.s
   Uses
      At line 12 in file ..\RTOS\kernel\osasm.s
Comment: __Sys_Handler__ used once
__start_os__ 00000026

Symbol: __start_os__
   Definitions
      At line 31 in file ..\RTOS\kernel\osasm.s
   Uses
      At line 11 in file ..\RTOS\kernel\osasm.s
Comment: __start_os__ used once
3 symbols



ARM Macro Assembler    Page 1 Alphabetic symbol ordering
External symbols

Pt_Task 00000000

Symbol: Pt_Task
   Definitions
      At line 10 in file ..\RTOS\kernel\osasm.s
   Uses
      At line 19 in file ..\RTOS\kernel\osasm.s
      At line 32 in file ..\RTOS\kernel\osasm.s

SchedulerTask 00000000

Symbol: SchedulerTask
   Definitions
      At line 13 in file ..\RTOS\kernel\osasm.s
   Uses
      At line 23 in file ..\RTOS\kernel\osasm.s
Comment: SchedulerTask used once
2 symbols
342 symbols in table
